
---------------------------------------------------------------

 T   O   N   T   O

 A free object-based system for computational chemistry

 Version: 2.1_development
 Platform: INTEL-ifc-on-LINUX
 Build-date: Wed Sep 22 09:41:26 WST 2004

 For conditions of use, on-line documentation, and contributor
 and developer information see :-

 www.theochem.uwa.edu.au/tonto/

 Dylan Jayatilaka
 Daniel Grimwood
---------------------------------------------------------------

Timer started at 22/09/2004 12:32:11.

keyword found --> name=

keyword found --> charge=

keyword found --> multiplicity=

keyword found --> crystal=

keyword found --> basis_sets=

keyword found --> atoms=
Gaussian bases all resolved

keyword found --> scfdata=

keyword found --> output_style_options=

keyword found --> scf

***************
SCF calculation
***************

SCF kind                    =              rhf
Direct                      =                T
Integral cutoff             =      0.10000E-11
ZORA (1 electron) terms     =                F

Initial guess options:

Initial density             =             atom
Initial MO's                =

Initial guess energies:

Nuclear Energy              =         11.96640
SCF Energy                  =        -56.17310
Kinetic Energy              =         56.49836

SCF termination criteria:

Convergence                 =          0.00001
Gradient/DIIS convergence   =          0.00001
Minimum iterations          =                1
Maximum iterations          =               50

Convergence acceleration options:

Using Rough Convergence     =                T
Rough Convergence           =          0.01000
Rough DIIS Convergence      =          0.01000
Using level shift           =                T
Level shift                 =          0.30000
Level shift  quits at       =                3
Using density damping       =                T
Damping factor              =          0.50000
Damping quits at            =                3
Using MO gradient update    =                F
Using DIIS                  =                T
Using Fock DIIS?            =                T
Using MO DIIS?              =                F
DIIS archive root name      =              nh3
DIIS no. to keep            =               12
DIIS automatic start?       =                F
DIIS start iteration        =                0

---------------------------------------------------------
     Iter          Energy      difference   Gradient/DIIS
---------------------------------------------------------
        0       -56.17310       -56.17310         0.42062 *Damping on
                                                          *Levelshift on
                                                          *DIIS on
        1       -56.18427        -0.01117         0.21096
        2       -56.18947        -0.00520         0.11974
        3       -56.19218        -0.00271         0.06542 *Damping off
                                                          *Levelshift off
        4       -56.19509        -0.00291         0.00430 *Increasing integral accuracy
        5       -56.19510        -0.00001         0.00065 *Difference has converged
        6       -56.19510         0.00000         0.00018
        7       -56.19510         0.00000         0.00001
        8       -56.19510         0.00000         0.00000
---------------------------------------------------------
* * * SCF has converged * * *
---------------------------------------------------------
SCF Energy                  =        -56.19510
Kinetic Energy              =         56.08655
---------------------------------------------------------

keyword found --> make_structure_factors

keyword found --> put_crystal_reflection_data

X-ray reflection data:


Using scale factor          =                T
Using extinction            =                T
Thermal smearing model      =           tanaka
Fragment partition model    =         gaussian
Correct dispersion?         =                F
Optimize extinction         =                T
Secondary extinction factor =          0.00017
Optimize scale factor       =                T
Scale factor                =          3.10032

Reflection data:

Number of reflections is        84


Goodness of fit parameters based on Structure Factors:

R factor                    =         0.02435
Weighted R factor           =         0.03616
chi**2                      =        12.96818
Goodness of fit             =         3.60114
-----------------------------------------------------------------------------------------------------------
        h        k        l                          F_calc          F_pred           F_exp         F_sigma
-----------------------------------------------------------------------------------------------------------
        1        1        0         0.00000         6.11921        18.92134        18.09300         0.11800
        1        1        1         0.68594       -21.07749        63.53856        63.47000         0.44600
        0        2        0       -17.12789         0.00000        52.12468        53.07900         0.43400
        1        2        0         0.00000         0.97894         3.03485         2.86400         0.08400
        1        0        2        -6.79810         0.00000        21.01467        20.94400         0.11900
       -1        2       -1         0.91032         2.42166         8.01752         8.40200         0.05700
        0       -2       -2         8.84387         0.00000        27.29371        27.81500         0.16700
       -2        1        2        -5.04843        -0.41847        15.68224        15.16400         0.08600
        0        3        1         0.00000        -2.73260         8.46838         7.88800         0.05700
        3        0        1         0.00000        -6.38402        19.74712        19.19600         0.12600
       -1       -1       -3        -0.58533        -5.68417        17.68397        18.12100         0.11100
       -2        2        2        -5.42463         1.38070        17.32481        17.27800         0.10400
        0       -3        2         0.00000        -2.28878         7.09395         6.49400         0.05200
        3        0       -2        -1.68237         0.00000         5.21511         6.11600         0.05600
       -1       -3       -2         0.25759        -3.79157        11.77323        12.03600         0.07200
        1       -2       -3        -1.87308        -1.45744         7.35582         7.08200         0.05400
        0        4        0         2.84185         0.00000         8.80700         9.40100         0.06100
       -4       -1        0         4.56731         0.00000        14.14531        14.13300         0.09500
        0       -1        4         0.00000        -1.14221         3.54099         3.36000         0.07500
       -3       -2       -2        -1.61020        -1.47772         6.77413         6.83700         0.05200
        1        4        0         0.00000        -1.14221         3.54099         3.36000         0.07500
        2        2       -3         1.61020         1.47772         6.77413         6.83700         0.05200
        1       -4        1        -1.18618         0.29079         3.78616         3.55100         0.07000
        0       -3        3         0.00000        -3.30483        10.24049        10.15600         0.06500
       -1       -3        3         0.76143        -2.49425         8.08258         8.10700         0.05500
       -2        0       -4        -1.96954         0.00000         6.10506         6.41600         0.05100
        0        2        4        -2.07310         0.00000         6.42594         6.58100         0.05900
        1        2        4        -3.41107         0.08247        10.57265        10.53000         0.07200
       -2       -1       -4        -1.63912        -0.75447         5.59342         5.59900         0.05300
       -3        3       -2         0.80835         2.17188         7.18298         7.29600         0.05200
        4        2        2         1.59926         0.91727         5.71499         5.63800         0.05400
       -3        0        4         2.25872         0.00000         7.00113         7.25600         0.05100
        3       -4        0         0.00000        -2.25060         6.97598         6.83200         0.05600
        3       -4       -1         0.58901         1.06517         3.77338         4.03700         0.06300
       -1       -4        3        -2.14247        -0.33172         6.72006         6.52800         0.05200
        0        5        1         0.00000         0.45322         1.40510         1.46300         0.16200
        0        1       -5         0.00000         3.32960        10.31767        10.25300         0.07800
        1       -5       -1         0.23472        -0.89112         2.85687         3.02500         0.08000
       -3       -3        3        -1.26645         1.47604         6.02876         5.70000         0.06000
       -5        0       -2        -0.21047         0.00000         0.65251         0.98000         0.24100
        2       -3       -4        -0.69024         1.61558         5.44608         5.42400         0.05300
        0        5        2         0.00000         1.61561         5.00835         4.76700         0.06000
        3        2        4         1.75158        -0.48084         5.63056         5.80200         0.05300
        2        3       -4         0.69024         1.61558         5.44608         5.42400         0.05300
        5       -2        1         0.03543        -2.52005         7.81160         7.87600         0.05600
        5       -1        2         1.41798        -0.27437         4.47734         4.40600         0.06100
       -4        0       -4         0.73723         0.00000         2.28560         2.35200         0.10300
        2       -5        2        -0.27276        -1.21022         3.84594         3.74400         0.06700
       -4       -1        4         1.30008        -0.25871         4.10939         4.25400         0.06100
       -5       -3        0         0.00000         0.68528         2.12454         2.31900         0.10400
       -3       -5        0         0.00000         1.84513         5.71968         5.85200         0.05500
        3       -4        3        -1.14336         0.71998         4.18873         4.20000         0.06200
        3        1       -5        -0.43418        -0.48526         2.01872         2.00000         0.11900
       -5       -1       -3        -0.43703        -0.53939         2.15227         2.12800         0.11200
       -4       -4        2        -0.65255        -0.88482         3.40840         3.25400         0.07600
        1       -6        0         0.00000        -0.63028         1.95405         1.96000         0.12300
        1        0        6        -2.31706         0.00000         7.18206         7.19200         0.05600
        3        5       -2        -0.17191         1.41153         4.40816         4.54300         0.05800
        2       -5        3         0.75726        -0.48655         2.79049         2.87800         0.08500
        1        1        6        -0.59683         0.01690         1.85107         1.79200         0.13300
       -5        0        4        -0.50957         0.00000         1.57980         1.81400         0.13300
        5       -4        0         0.00000         1.70726         5.29244         5.26500         0.05600
        3        4       -4         0.71866         0.61760         2.93768         3.03300         0.08100
        1        6       -2        -0.09496        -0.46708         1.47770         1.55600         0.15300
        1        2        6         1.75043         0.01589         5.42646         5.47400         0.05400
       -4        1        5        -0.13795         1.01656         3.18043         3.34500         0.07400
       -5        1        4         1.57469        -0.07801         4.88754         4.84600         0.05600
        3        5        3         0.87691        -0.34486         2.92128         2.79600         0.08700
       -2        6       -2        -0.07646        -0.44325         1.39450         1.44600         0.16500
       -2       -5        4        -0.15185         1.30177         4.06299         4.05000         0.06400
       -3        0        6        -1.35765         0.00000         4.20886         4.26400         0.06200
        3       -6        0         0.00000         1.26126         3.91007         3.91900         0.06600
        2        4       -5         0.41259         0.48720         1.97932         2.07400         0.11600
       -3        1        6         1.20062        -0.02580         3.72297         3.68700         0.06800
       -6        1        3        -0.34788         0.04161         1.08624         1.17100         0.20300
        4        4       -4         0.29303        -0.99208         3.20701         3.07700         0.08400
       -2       -3        6        -0.02970         0.95773         2.97059         3.02200         0.08100
       -6        3       -2         1.02405        -0.02630         3.17582         3.27400         0.07600
        0       -1       -7         0.00000         1.46949         4.55551         4.61100         0.06000
        4       -3       -5         0.28710         0.58117         2.00965         2.13800         0.11200
       -5        3        4        -0.89870         0.17957         2.84126         2.91700         0.08400
        0        5        5         0.00000         0.46435         1.43962         1.63700         0.14700
        1       -5       -5         0.32980        -0.11143         1.07926         1.15800         0.20500
       -1       -1        7        -0.09330        -0.24388         0.80955         0.87700         0.27100
-----------------------------------------------------------------------------------------------------------


keyword found --> delete_scf_archives

Wall-clock time taken for job "nh3" is 7 seconds, 305 milliseconds.
CPU time taken for job "nh3" is 6.290 CPU seconds.
