
---------------------------------------------------------------

 T   O   N   T   O

 A free object-based system for computational chemistry

 Version: 2.1
 Platform: INTEL-ifc-on-LINUX
 Build-date: Wed Aug 11 09:44:59 WST 2004

 For conditions of use, on-line documentation, and contributor
 and developer information see :-

 www.theochem.uwa.edu.au/tonto/

 Dylan Jayatilaka
 Daniel Grimwood
---------------------------------------------------------------

Timer started at 23/09/2004 10:57:08.

keyword found --> basis_set_directory=

keyword found --> CIF=
 
Warning in routine MOLECULE.MAIN:read_CIF ... Job name has now been set to: urea_urea

keyword found --> process_CIF

keyword found --> cluster=

Cluster information:

Radius                  =        0.000000
Generation method       =        fragment
No. of atoms            =        8
No. of fragment atoms   =        5
No. of bravais shifts   =        4
Fragment width          =        0.255590        0.255590        0.632799
Cartesian width         =        2.699459        2.699459        5.613999
Fragment offset         =        0        0        0
Do fragment symop?      =        T

Fragment geometry (crystal axis system):

---------------------------------------------------------
     Atom
        #               x               y               z
---------------------------------------------------------

        1        0.000000        0.500000        0.328300
        2        0.000000        0.500000        0.596300
        3        0.144700        0.644700        0.178400
        4        0.255590        0.755590        0.284874
        5        0.142777        0.642777       -0.036499
---------------------------------------------------------

Cluster geometry (crystal axis system):

----------------------------------------------------------------------------------------------------------------------
                                                              Unit     Asym     Frag     Frag  Cluster
     Atom                                                     cell     cell     cell   parent    symop   Cluster symop
        #               x               y               z     atom     atom     atom     atom    index   s   h   k   l
----------------------------------------------------------------------------------------------------------------------

    C (1)        0.000000        0.500000        0.328300        1        1        1        1        1   1   0   0   0
    O (2)        0.000000        0.500000        0.596300        3        2        2        2        1   1   0   0   0
    N (3)        0.144700        0.644700        0.178400        5        3        3        3        1   1   0   0   0
   H1 (4)        0.255590        0.755590        0.284874        9        4        4        4        1   1   0   0   0
   H2 (5)        0.142777        0.642777       -0.036499       13        5        5        5        1   1   0   0   0
    N (6)       -0.144700        0.355300        0.178400        7        3       11        3        2   4   0   1   0
   H1 (7)       -0.255590        0.244410        0.284874       11        4       12        4        2   4   0   1   0
   H2 (8)       -0.142777        0.357223       -0.036499       15        5       13        5        2   4   0   1   0
----------------------------------------------------------------------------------------------------------------------

keyword found --> CX_file_name=

keyword found --> put_CX_data

Writing Crystal Explorer data file: /.automount/users/reaper/crystalexplorer/crystalexplorer/examples/miscellaneous/urea_urea.cxd


Wall-clock time taken for job "urea_urea" is 435 milliseconds.
CPU time taken for job "urea_urea" is 0.170 CPU seconds.
